test subjects [1, 2, 3, 4, 5, 6] (never seen in training), 11.4 min of recording
window accuracy on labelled gestures: raw 0.769, after 5-vote smoothing 0.809
grip commands sent: 546 (48 per minute, incl. unlabelled transitions)
decision latency ≈ 400 ms (window 200 ms + 2 voting steps of 100 ms)

test subjects [7, 8, 9, 10, 11, 12] (never seen in training), 12.9 min of recording
window accuracy on labelled gestures: raw 0.823, after 5-vote smoothing 0.835
grip commands sent: 537 (42 per minute, incl. unlabelled transitions)
decision latency ≈ 400 ms (window 200 ms + 2 voting steps of 100 ms)

test subjects [13, 14, 15, 16, 17, 18] (never seen in training), 12.1 min of recording
window accuracy on labelled gestures: raw 0.855, after 5-vote smoothing 0.896
grip commands sent: 518 (43 per minute, incl. unlabelled transitions)
decision latency ≈ 400 ms (window 200 ms + 2 voting steps of 100 ms)

test subjects [19, 20, 21, 22, 23, 24] (never seen in training), 11.8 min of recording
window accuracy on labelled gestures: raw 0.781, after 5-vote smoothing 0.803
grip commands sent: 508 (43 per minute, incl. unlabelled transitions)
decision latency ≈ 400 ms (window 200 ms + 2 voting steps of 100 ms)

test subjects [25, 26, 27, 28, 29, 30] (never seen in training), 11.3 min of recording
window accuracy on labelled gestures: raw 0.801, after 5-vote smoothing 0.826
grip commands sent: 693 (61 per minute, incl. unlabelled transitions)
decision latency ≈ 400 ms (window 200 ms + 2 voting steps of 100 ms)

test subjects [31, 32, 33, 34, 35, 36] (never seen in training), 10.9 min of recording
window accuracy on labelled gestures: raw 0.872, after 5-vote smoothing 0.893
grip commands sent: 494 (45 per minute, incl. unlabelled transitions)
decision latency ≈ 400 ms (window 200 ms + 2 voting steps of 100 ms)

SUMMARY over 6 held-out groups (36 subjects): raw 0.817 ± 0.041; after 5-vote 0.844 ± 0.041; grip commands per minute 47
